// Jest Snapshot v1, https://goo.gl/fbAQLP

exports[`(<Client /> Matches snapshot 1`] = `
<div>
  <aside>
    <h2>
      Client
    </h2>
  </aside>
</div>
`;
